../Core/Src/main.c:103:5:main	136	static
../Core/Src/main.c:194:6:SystemClock_Config	88	static
../Core/Src/main.c:252:13:MX_ETH_Init	8	static
../Core/Src/main.c:301:13:MX_USART3_UART_Init	8	static
../Core/Src/main.c:336:13:MX_USB_OTG_FS_PCD_Init	8	static
../Core/Src/main.c:371:13:MX_GPIO_Init	56	static
../Core/Src/main.c:439:6:bufferRenderingTaskHook	168	static
../Core/Src/main.c:473:6:speedTaskHook	24	static
../Core/Src/main.c:498:6:gpsTaskHook	264	static
../Core/Src/main.c:626:6:temperatureTaskHook	24	static
../Core/Src/main.c:651:6:HAL_TIM_PeriodElapsedCallback	16	static
../Core/Src/main.c:668:6:Error_Handler	4	static,ignoring_inline_asm
